kotlin version: 2.2.10
error message: java.lang.RuntimeException: Exception while generating code for:
FUN LOCAL_FUNCTION_FOR_LAMBDA name:ExpeditionDrawerContent$lambda$4$lambda$3$lambda$1 visibility:private modality:FINAL returnType:kotlin.Unit?
  VALUE_PARAMETER BOUND_VALUE_PARAMETER kind:Regular name:$expeditions index:0 type:kotlin.collections.List<com.andrey.mapapp.data.local.entities.ExpeditionEntity>
  VALUE_PARAMETER BOUND_VALUE_PARAMETER kind:Regular name:$activeId index:1 type:kotlin.Long?
  VALUE_PARAMETER BOUND_VALUE_PARAMETER kind:Regular name:$onExpeditionClick index:2 type:kotlin.Function1<kotlin.Long, kotlin.Unit>
  VALUE_PARAMETER BOUND_VALUE_PARAMETER kind:Regular name:$onDeleteExpedition index:3 type:kotlin.Function1<com.andrey.mapapp.data.local.entities.ExpeditionEntity, kotlin.Unit>
  VALUE_PARAMETER kind:Regular name:$this$LazyColumn index:4 type:androidx.compose.foundation.lazy.LazyListScope
  BLOCK_BODY
    CALL 'public final fun items$default <T> (<this>: androidx.compose.foundation.lazy.LazyListScope, items: kotlin.collections.List<T of androidx.compose.foundation.lazy.LazyDslKt.items$default>, key: kotlin.Function1<@[ParameterName(name = "item")] T of androidx.compose.foundation.lazy.LazyDslKt.items$default, kotlin.Any>?, contentType: kotlin.Function1<@[ParameterName(name = "item")] T of androidx.compose.foundation.lazy.LazyDslKt.items$default, kotlin.Any?>?, itemContent: @[Composable] @[ExtensionFunctionType] kotlin.Function2<androidx.compose.foundation.lazy.LazyItemScope, @[ParameterName(name = "item")] T of androidx.compose.foundation.lazy.LazyDslKt.items$default, kotlin.Unit>, $mask0: kotlin.Int, $handler: kotlin.Any?): kotlin.Unit [inline] declared in androidx.compose.foundation.lazy.LazyDslKt' type=kotlin.Unit origin=DEFAULT_DISPATCH_CALL
      TYPE_ARG T: com.andrey.mapapp.data.local.entities.ExpeditionEntity
      ARG <this>: GET_VAR '$this$LazyColumn: androidx.compose.foundation.lazy.LazyListScope declared in com.andrey.mapapp.ExpeditionDrawerKt.ExpeditionDrawerContent$lambda$4$lambda$3$lambda$1' type=androidx.compose.foundation.lazy.LazyListScope origin=null
      ARG items: GET_VAR '$expeditions: kotlin.collections.List<com.andrey.mapapp.data.local.entities.ExpeditionEntity> declared in com.andrey.mapapp.ExpeditionDrawerKt.ExpeditionDrawerContent$lambda$4$lambda$3$lambda$1' type=kotlin.collections.List<com.andrey.mapapp.data.local.entities.ExpeditionEntity> origin=null
      ARG key: COMPOSITE type=kotlin.Function1<@[ParameterName(name = "item")] T of androidx.compose.foundation.lazy.LazyDslKt.items$default, kotlin.Any>? origin=DEFAULT_VALUE
        CONST Null type=kotlin.Function1<@[ParameterName(name = "item")] T of androidx.compose.foundation.lazy.LazyDslKt.items$default, kotlin.Any>? value=null
      ARG contentType: COMPOSITE type=kotlin.Function1<@[ParameterName(name = "item")] T of androidx.compose.foundation.lazy.LazyDslKt.items$default, kotlin.Any?>? origin=DEFAULT_VALUE
        CONST Null type=kotlin.Function1<@[ParameterName(name = "item")] T of androidx.compose.foundation.lazy.LazyDslKt.items$default, kotlin.Any?>? value=null
      ARG itemContent: BLOCK type=@[ExtensionFunctionType] kotlin.Function2<androidx.compose.foundation.lazy.LazyItemScope, com.andrey.mapapp.data.local.entities.ExpeditionEntity, kotlin.Unit> origin=LAMBDA
        COMPOSITE type=kotlin.Unit origin=null
        FUNCTION_REFERENCE 'private final fun ExpeditionDrawerContent$lambda$4$lambda$3$lambda$1$lambda$0 ($this$items: androidx.compose.foundation.lazy.LazyItemScope, $activeId: kotlin.Long?, $onExpeditionClick: kotlin.Function1<kotlin.Long, kotlin.Unit>, $onDeleteExpedition: kotlin.Function1<com.andrey.mapapp.data.local.entities.ExpeditionEntity, kotlin.Unit>, exp: com.andrey.mapapp.data.local.entities.ExpeditionEntity): kotlin.Unit declared in com.andrey.mapapp.ExpeditionDrawerKt' type=@[ExtensionFunctionType] kotlin.Function2<androidx.compose.foundation.lazy.LazyItemScope, com.andrey.mapapp.data.local.entities.ExpeditionEntity, kotlin.Unit> origin=INLINE_LAMBDA reflectionTarget=null
          ARG $activeId: GET_VAR '$activeId: kotlin.Long? declared in com.andrey.mapapp.ExpeditionDrawerKt.ExpeditionDrawerContent$lambda$4$lambda$3$lambda$1' type=kotlin.Long? origin=null
          ARG $onExpeditionClick: GET_VAR '$onExpeditionClick: kotlin.Function1<kotlin.Long, kotlin.Unit> declared in com.andrey.mapapp.ExpeditionDrawerKt.ExpeditionDrawerContent$lambda$4$lambda$3$lambda$1' type=kotlin.Function1<kotlin.Long, kotlin.Unit> origin=null
          ARG $onDeleteExpedition: GET_VAR '$onDeleteExpedition: kotlin.Function1<com.andrey.mapapp.data.local.entities.ExpeditionEntity, kotlin.Unit> declared in com.andrey.mapapp.ExpeditionDrawerKt.ExpeditionDrawerContent$lambda$4$lambda$3$lambda$1' type=kotlin.Function1<com.andrey.mapapp.data.local.entities.ExpeditionEntity, kotlin.Unit> origin=null
      ARG $mask0: CONST Int type=kotlin.Int value=6
      ARG $handler: CONST Null type=kotlin.Any? value=null

	at org.jetbrains.kotlin.backend.jvm.codegen.FunctionCodegen.generate(FunctionCodegen.kt:50)
	at org.jetbrains.kotlin.backend.jvm.codegen.FunctionCodegen.generate$default(FunctionCodegen.kt:43)
	at org.jetbrains.kotlin.backend.jvm.codegen.ClassCodegen.generateMethodNode(ClassCodegen.kt:422)
	at org.jetbrains.kotlin.backend.jvm.codegen.ClassCodegen.generateMethod(ClassCodegen.kt:439)
	at org.jetbrains.kotlin.backend.jvm.codegen.ClassCodegen.generate(ClassCodegen.kt:164)
	at org.jetbrains.kotlin.backend.jvm.JvmIrCodegenFactory.generateFile(JvmIrCodegenFactory.kt:419)
	at org.jetbrains.kotlin.backend.jvm.JvmIrCodegenFactory.invokeCodegen(JvmIrCodegenFactory.kt:388)
	at org.jetbrains.kotlin.cli.jvm.compiler.KotlinToJVMBytecodeCompiler.runCodegen$cli(KotlinToJVMBytecodeCompiler.kt:431)
	at org.jetbrains.kotlin.cli.pipeline.jvm.JvmBackendPipelinePhase.executePhase(JvmBackendPipelinePhase.kt:95)
	at org.jetbrains.kotlin.cli.pipeline.jvm.JvmBackendPipelinePhase.executePhase(JvmBackendPipelinePhase.kt:36)
	at org.jetbrains.kotlin.cli.pipeline.jvm.JvmBackendPipelinePhase.executePhase(JvmBackendPipelinePhase.kt:29)
	at org.jetbrains.kotlin.cli.pipeline.PipelinePhase.phaseBody(PipelinePhase.kt:68)
	at org.jetbrains.kotlin.cli.pipeline.PipelinePhase.phaseBody(PipelinePhase.kt:58)
	at org.jetbrains.kotlin.config.phaser.NamedCompilerPhase.invoke(CompilerPhase.kt:102)
	at org.jetbrains.kotlin.backend.common.phaser.CompositePhase.invoke(PhaseBuilders.kt:22)
	at org.jetbrains.kotlin.config.phaser.CompilerPhaseKt.invokeToplevel(CompilerPhase.kt:53)
	at org.jetbrains.kotlin.cli.pipeline.AbstractCliPipeline.runPhasedPipeline(AbstractCliPipeline.kt:109)
	at org.jetbrains.kotlin.cli.pipeline.AbstractCliPipeline.execute(AbstractCliPipeline.kt:68)
	at org.jetbrains.kotlin.cli.jvm.K2JVMCompiler.doExecutePhased(K2JVMCompiler.kt:78)
	at org.jetbrains.kotlin.cli.jvm.K2JVMCompiler.doExecutePhased(K2JVMCompiler.kt:44)
	at org.jetbrains.kotlin.cli.common.CLICompiler.execImpl(CLICompiler.kt:90)
	at org.jetbrains.kotlin.cli.common.CLICompiler.exec(CLICompiler.kt:352)
	at org.jetbrains.kotlin.incremental.IncrementalJvmCompilerRunnerBase.runCompiler(IncrementalJvmCompilerRunnerBase.kt:175)
	at org.jetbrains.kotlin.incremental.IncrementalJvmCompilerRunnerBase.runCompiler(IncrementalJvmCompilerRunnerBase.kt:38)
	at org.jetbrains.kotlin.incremental.IncrementalCompilerRunner.doCompile(IncrementalCompilerRunner.kt:504)
	at org.jetbrains.kotlin.incremental.IncrementalCompilerRunner.compileImpl(IncrementalCompilerRunner.kt:421)
	at org.jetbrains.kotlin.incremental.IncrementalCompilerRunner.tryCompileIncrementally$lambda$10$compile(IncrementalCompilerRunner.kt:254)
	at org.jetbrains.kotlin.incremental.IncrementalCompilerRunner.tryCompileIncrementally(IncrementalCompilerRunner.kt:272)
	at org.jetbrains.kotlin.incremental.IncrementalCompilerRunner.compile(IncrementalCompilerRunner.kt:124)
	at org.jetbrains.kotlin.daemon.CompileServiceImplBase.execIncrementalCompiler(CompileServiceImpl.kt:679)
	at org.jetbrains.kotlin.daemon.CompileServiceImplBase.access$execIncrementalCompiler(CompileServiceImpl.kt:93)
	at org.jetbrains.kotlin.daemon.CompileServiceImpl.compile(CompileServiceImpl.kt:1806)
	at java.base/jdk.internal.reflect.DirectMethodHandleAccessor.invoke(Unknown Source)
	at java.base/java.lang.reflect.Method.invoke(Unknown Source)
	at java.rmi/sun.rmi.server.UnicastServerRef.dispatch(Unknown Source)
	at java.rmi/sun.rmi.transport.Transport$1.run(Unknown Source)
	at java.rmi/sun.rmi.transport.Transport$1.run(Unknown Source)
	at java.base/java.security.AccessController.doPrivileged(Unknown Source)
	at java.rmi/sun.rmi.transport.Transport.serviceCall(Unknown Source)
	at java.rmi/sun.rmi.transport.tcp.TCPTransport.handleMessages(Unknown Source)
	at java.rmi/sun.rmi.transport.tcp.TCPTransport$ConnectionHandler.run0(Unknown Source)
	at java.rmi/sun.rmi.transport.tcp.TCPTransport$ConnectionHandler.lambda$run$0(Unknown Source)
	at java.base/java.security.AccessController.doPrivileged(Unknown Source)
	at java.rmi/sun.rmi.transport.tcp.TCPTransport$ConnectionHandler.run(Unknown Source)
	at java.base/java.util.concurrent.ThreadPoolExecutor.runWorker(Unknown Source)
	at java.base/java.util.concurrent.ThreadPoolExecutor$Worker.run(Unknown Source)
	at java.base/java.lang.Thread.run(Unknown Source)
Caused by: java.lang.RuntimeException: Exception while generating code for:
FUN INLINE_LAMBDA name:ExpeditionDrawerContent$lambda$4$lambda$3$lambda$1$lambda$0 visibility:private modality:FINAL returnType:kotlin.Unit
  VALUE_PARAMETER kind:ExtensionReceiver name:$this$items index:0 type:androidx.compose.foundation.lazy.LazyItemScope
  VALUE_PARAMETER BOUND_VALUE_PARAMETER kind:Regular name:$activeId index:1 type:kotlin.Long?
  VALUE_PARAMETER BOUND_VALUE_PARAMETER kind:Regular name:$onExpeditionClick index:2 type:kotlin.Function1<kotlin.Long, kotlin.Unit>
  VALUE_PARAMETER BOUND_VALUE_PARAMETER kind:Regular name:$onDeleteExpedition index:3 type:kotlin.Function1<com.andrey.mapapp.data.local.entities.ExpeditionEntity, kotlin.Unit>
  VALUE_PARAMETER kind:Regular name:exp index:4 type:com.andrey.mapapp.data.local.entities.ExpeditionEntity
  BLOCK_BODY
    VAR name:$i$a$-items$default-ExpeditionDrawerKt$ExpeditionDrawerContent$1$1$1$1 type:kotlin.Int [val]
      CONST Int type=kotlin.Int value=0
    CALL 'public final fun NavigationDrawerItem$default (label: @[Composable] kotlin.Function0<kotlin.Unit>, selected: kotlin.Boolean, onClick: kotlin.Function0<kotlin.Unit>, modifier: androidx.compose.ui.Modifier?, icon: @[Composable] kotlin.Function0<kotlin.Unit>?, badge: @[Composable] kotlin.Function0<kotlin.Unit>?, shape: androidx.compose.ui.graphics.Shape?, colors: androidx.compose.material3.NavigationDrawerItemColors?, interactionSource: androidx.compose.foundation.interaction.MutableInteractionSource?, $mask0: kotlin.Int, $handler: kotlin.Any?): kotlin.Unit declared in androidx.compose.material3.NavigationDrawerKt' type=kotlin.Unit origin=DEFAULT_DISPATCH_CALL
      ARG label: BLOCK type=com.andrey.mapapp.ExpeditionDrawerKt.ExpeditionDrawerContent$lambda$4$lambda$3$lambda$1$lambda$0.<no name provided> origin=null
        CLASS LAMBDA_IMPL CLASS name:<no name provided> modality:FINAL visibility:public/*package*/ superTypes:[kotlin.Any; kotlin.Function0<kotlin.Unit>]
          thisReceiver: VALUE_PARAMETER INSTANCE_RECEIVER kind:DispatchReceiver name:<this> type:com.andrey.mapapp.ExpeditionDrawerKt.ExpeditionDrawerContent$lambda$4$lambda$3$lambda$1$lambda$0.<no name provided>
          CONSTRUCTOR GENERATED_MEMBER_IN_CALLABLE_REFERENCE visibility:public/*package*/ returnType:com.andrey.mapapp.ExpeditionDrawerKt.ExpeditionDrawerContent$lambda$4$lambda$3$lambda$1$lambda$0.<no name provided> [primary]
            VALUE_PARAMETER BOUND_VALUE_PARAMETER kind:Regular name:$exp index:0 type:com.andrey.mapapp.data.local.entities.ExpeditionEntity
            BLOCK_BODY
              SET_FIELD 'FIELD FIELD_FOR_CAPTURED_VALUE name:$exp type:com.andrey.mapapp.data.local.entities.ExpeditionEntity visibility:public/*package*/ [final] declared in com.andrey.mapapp.ExpeditionDrawerKt.ExpeditionDrawerContent$lambda$4$lambda$3$lambda$1$lambda$0.<no name provided>' type=kotlin.Unit origin=INITIALIZER_OF_FIELD_FOR_CAPTURED_VALUE
                receiver: GET_VAR '<this>: com.andrey.mapapp.ExpeditionDrawerKt.ExpeditionDrawerContent$lambda$4$lambda$3$lambda$1$lambda$0.<no name provided> declared in com.andrey.mapapp.ExpeditionDrawerKt.ExpeditionDrawerContent$lambda$4$lambda$3$lambda$1$lambda$0.<no name provided>' type=com.andrey.mapapp.ExpeditionDrawerKt.ExpeditionDrawerContent$lambda$4$lambda$3$lambda$1$lambda$0.<no name provided> origin=null
                value: GET_VAR '$exp: com.andrey.mapapp.data.local.entities.ExpeditionEntity declared in com.andrey.mapapp.ExpeditionDrawerKt.ExpeditionDrawerContent$lambda$4$lambda$3$lambda$1$lambda$0.<no name provided>.<init>' type=com.andrey.mapapp.data.local.entities.ExpeditionEntity origin=null
              DELEGATING_CONSTRUCTOR_CALL 'public constructor <init> () [primary] declared in kotlin.Any'
              BLOCK type=kotlin.Unit origin=null
          FUN name:invoke visibility:public modality:FINAL returnType:kotlin.Unit
            VALUE_PARAMETER INSTANCE_RECEIVER kind:DispatchReceiver name:<this> index:0 type:com.andrey.mapapp.ExpeditionDrawerKt.ExpeditionDrawerContent$lambda$4$lambda$3$lambda$1$lambda$0.<no name provided>
            overridden:
              public abstract fun invoke (): R of kotlin.Function0 [operator] declared in kotlin.Function0
            BLOCK_BODY
              CALL 'public final fun Column$default (modifier: androidx.compose.ui.Modifier?, verticalArrangement: androidx.compose.foundation.layout.Arrangement.Vertical?, horizontalAlignment: androidx.compose.ui.Alignment.Horizontal?, content: @[Composable] @[ExtensionFunctionType] kotlin.Function1<androidx.compose.foundation.layout.ColumnScope, kotlin.Unit>, $mask0: kotlin.Int, $handler: kotlin.Any?): kotlin.Unit [inline] declared in androidx.compose.foundation.layout.ColumnKt' type=kotlin.Unit origin=DEFAULT_DISPATCH_CALL
                ARG modifier: COMPOSITE type=androidx.compose.ui.Modifier? origin=DEFAULT_VALUE
                  CONST Null type=androidx.compose.ui.Modifier? value=null
                ARG verticalArrangement: COMPOSITE type=androidx.compose.foundation.layout.Arrangement.Vertical? origin=DEFAULT_VALUE
                  CONST Null type=androidx.compose.foundation.layout.Arrangement.Vertical? value=null
                ARG horizontalAlignment: COMPOSITE type=androidx.compose.ui.Alignment.Horizontal? origin=DEFAULT_VALUE
                  CONST Null type=androidx.compose.ui.Alignment.Horizontal? value=null
                ARG content: BLOCK type=@[ExtensionFunctionType] kotlin.Function1<androidx.compose.foundation.layout.ColumnScope, kotlin.Unit> origin=LAMBDA
                  COMPOSITE type=kotlin.Unit origin=null
                  FUNCTION_REFERENCE 'private final fun invoke$lambda$0 ($this$Column: androidx.compose.foundation.layout.ColumnScope, $exp: com.andrey.mapapp.data.local.entities.ExpeditionEntity): kotlin.Unit declared in com.andrey.mapapp.ExpeditionDrawerKt.ExpeditionDrawerContent$lambda$4$lambda$3$lambda$1$lambda$0.<no name provided>' type=@[ExtensionFunctionType] kotlin.Function1<androidx.compose.foundation.layout.ColumnScope, kotlin.Unit> origin=INLINE_LAMBDA reflectionTarget=null
                    ARG $exp: GET_FIELD 'FIELD FIELD_FOR_CAPTURED_VALUE name:$exp type:com.andrey.mapapp.data.local.entities.ExpeditionEntity visibility:public/*package*/ [final] declared in com.andrey.mapapp.ExpeditionDrawerKt.ExpeditionDrawerContent$lambda$4$lambda$3$lambda$1$lambda$0.<no name provided>' type=com.andrey.mapapp.data.local.entities.ExpeditionEntity origin=null
                      receiver: GET_VAR '<this>: com.andrey.mapapp.ExpeditionDrawerKt.ExpeditionDrawerContent$lambda$4$lambda$3$lambda$1$lambda$0.<no name provided> declared in com.andrey.mapapp.ExpeditionDrawerKt.ExpeditionDrawerContent$lambda$4$lambda$3$lambda$1$lambda$0.<no name provided>.invoke' type=com.andrey.mapapp.ExpeditionDrawerKt.ExpeditionDrawerContent$lambda$4$lambda$3$lambda$1$lambda$0.<no name provided> origin=null
                ARG $mask0: CONST Int type=kotlin.Int value=7
                ARG $handler: CONST Null type=kotlin.Any? value=null
          FIELD FIELD_FOR_CAPTURED_VALUE name:$exp type:com.andrey.mapapp.data.local.entities.ExpeditionEntity visibility:public/*package*/ [final]
          FUN INLINE_LAMBDA name:invoke$lambda$0 visibility:private modality:FINAL returnType:kotlin.Unit
            VALUE_PARAMETER kind:ExtensionReceiver name:$this$Column index:0 type:androidx.compose.foundation.layout.ColumnScope
            VALUE_PARAMETER BOUND_VALUE_PARAMETER kind:Regular name:$exp index:1 type:com.andrey.mapapp.data.local.entities.ExpeditionEntity
            BLOCK_BODY
              VAR name:$i$a$-Column$default-ExpeditionDrawerKt$ExpeditionDrawerContent$1$1$1$1$1$1 type:kotlin.Int [val]
                CONST Int type=kotlin.Int value=0
              CALL 'public final fun Text-TjK39Kw$default (text: kotlin.String, modifier: androidx.compose.ui.Modifier?, color: androidx.compose.ui.graphics.Color, autoSize: androidx.compose.foundation.text.TextAutoSize?, fontSize: androidx.compose.ui.unit.TextUnit, fontStyle: androidx.compose.ui.text.font.FontStyle?, fontWeight: androidx.compose.ui.text.font.FontWeight?, fontFamily: androidx.compose.ui.text.font.FontFamily?, letterSpacing: androidx.compose.ui.unit.TextUnit, textDecoration: androidx.compose.ui.text.style.TextDecoration?, textAlign: androidx.compose.ui.text.style.TextAlign?, lineHeight: androidx.compose.ui.unit.TextUnit, overflow: androidx.compose.ui.text.style.TextOverflow, softWrap: kotlin.Boolean, maxLines: kotlin.Int, minLines: kotlin.Int, onTextLayout: kotlin.Function1<androidx.compose.ui.text.TextLayoutResult, kotlin.Unit>?, style: androidx.compose.ui.text.TextStyle?, $mask0: kotlin.Int, $handler: kotlin.Any?): kotlin.Unit declared in androidx.compose.material3.TextKt' type=kotlin.Unit origin=DEFAULT_DISPATCH_CALL
                ARG text: CALL 'public final fun <get-name> (): kotlin.String declared in com.andrey.mapapp.data.local.entities.ExpeditionEntity' type=kotlin.String origin=GET_PROPERTY
                  ARG <this>: GET_VAR '$exp: com.andrey.mapapp.data.local.entities.ExpeditionEntity declared in com.andrey.mapapp.ExpeditionDrawerKt.ExpeditionDrawerContent$lambda$4$lambda$3$lambda$1$lambda$0.<no name provided>.invoke$lambda$0' type=com.andrey.mapapp.data.local.entities.ExpeditionEntity origin=null
                ARG modifier: COMPOSITE type=androidx.compose.ui.Modifier? origin=DEFAULT_VALUE
                  CONST Null type=androidx.compose.ui.Modifier? value=null
                ARG color: COMPOSITE type=androidx.compose.ui.graphics.Color origin=DEFAULT_VALUE
                  CALL 'public final fun <unsafe-coerce> <T, R> (v: T of kotlin.jvm.internal.<unsafe-coerce>): R of kotlin.jvm.internal.<unsafe-coerce> declared in kotlin.jvm.internal' type=androidx.compose.ui.graphics.Color origin=null
                    TYPE_ARG T: kotlin.Long
                    TYPE_ARG R: androidx.compose.ui.graphics.Color
                    ARG v: CONST Long type=kotlin.Long value=0
                ARG autoSize: COMPOSITE type=androidx.compose.foundation.text.TextAutoSize? origin=DEFAULT_VALUE
                  CONST Null type=androidx.compose.foundation.text.TextAutoSize? value=null
                ARG fontSize: COMPOSITE type=androidx.compose.ui.unit.TextUnit origin=DEFAULT_VALUE
                  CALL 'public final fun <unsafe-coerce> <T, R> (v: T of kotlin.jvm.internal.<unsafe-coerce>): R of kotlin.jvm.internal.<unsafe-coerce> declared in kotlin.jvm.internal' type=androidx.compose.ui.unit.TextUnit origin=null
                    TYPE_ARG T: kotlin.Long
                    TYPE_ARG R: androidx.compose.ui.unit.TextUnit
                    ARG v: CONST Long type=kotlin.Long value=0
                ARG fontStyle: COMPOSITE type=androidx.compose.ui.text.font.FontStyle? origin=DEFAULT_VALUE
                  CONST Null type=androidx.compose.ui.text.font.FontStyle? value=null
                ARG fontWeight: COMPOSITE type=androidx.compose.ui.text.font.FontWeight? origin=DEFAULT_VALUE
                  CONST Null type=androidx.compose.ui.text.font.FontWeight? value=null
                ARG fontFamily: COMPOSITE type=androidx.compose.ui.text.font.FontFamily? origin=DEFAULT_VALUE
                  CONST Null type=androidx.compose.ui.text.font.FontFamily? value=null
                ARG letterSpacing: COMPOSITE type=androidx.compose.ui.unit.TextUnit origin=DEFAULT_VALUE
                  CALL 'public final fun <unsafe-coerce> <T, R> (v: T of kotlin.jvm.internal.<unsafe-coerce>): R of kotlin.jvm.internal.<unsafe-coerce> declared in kotlin.jvm.internal' type=androidx.compose.ui.unit.TextUnit origin=null
                    TYPE_ARG T: kotlin.Long
                    TYPE_ARG R: androidx.compose.ui.unit.TextUnit
                    ARG v: CONST Long type=kotlin.Long value=0
                ARG textDecoration: COMPOSITE type=androidx.compose.ui.text.style.TextDecoration? origin=DEFAULT_VALUE
                  CONST Null type=androidx.compose.ui.text.style.TextDecoration? value=null
                ARG textAlign: COMPOSITE type=androidx.compose.ui.text.style.TextAlign? origin=DEFAULT_VALUE
                  CONST Null type=androidx.compose.ui.text.style.TextAlign? value=null
                ARG lineHeight: COMPOSITE type=androidx.compose.ui.unit.TextUnit origin=DEFAULT_VALUE
                  CALL 'public final fun <unsafe-coerce> <T, R> (v: T of kotlin.jvm.internal.<unsafe-coerce>): R of kotlin.jvm.internal.<unsafe-coerce> declared in kotlin.jvm.internal' type=androidx.compose.ui.unit.TextUnit origin=null
                    TYPE_ARG T: kotlin.Long
                    TYPE_ARG R: androidx.compose.ui.unit.TextUnit
                    ARG v: CONST Long type=kotlin.Long value=0
                ARG overflow: COMPOSITE type=androidx.compose.ui.text.style.TextOverflow origin=DEFAULT_VALUE
                  CALL 'public final fun <unsafe-coerce> <T, R> (v: T of kotlin.jvm.internal.<unsafe-coerce>): R of kotlin.jvm.internal.<unsafe-coerce> declared in kotlin.jvm.internal' type=androidx.compose.ui.text.style.TextOverflow origin=null
                    TYPE_ARG T: kotlin.Int
                    TYPE_ARG R: androidx.compose.ui.text.style.TextOverflow
                    ARG v: CONST Int type=kotlin.Int value=0
                ARG softWrap: COMPOSITE type=kotlin.Boolean origin=DEFAULT_VALUE
                  CONST Boolean type=kotlin.Boolean value=false
                ARG maxLines: COMPOSITE type=kotlin.Int origin=DEFAULT_VALUE
                  CONST Int type=kotlin.Int value=0
                ARG minLines: COMPOSITE type=kotlin.Int origin=DEFAULT_VALUE
                  CONST Int type=kotlin.Int value=0
                ARG onTextLayout: COMPOSITE type=kotlin.Function1<androidx.compose.ui.text.TextLayoutResult, kotlin.Unit>? origin=DEFAULT_VALUE
                  CONST Null type=kotlin.Function1<androidx.compose.ui.text.TextLayoutResult, kotlin.Unit>? value=null
                ARG style: COMPOSITE type=androidx.compose.ui.text.TextStyle? origin=DEFAULT_VALUE
                  CONST Null type=androidx.compose.ui.text.TextStyle? value=null
                ARG $mask0: CONST Int type=kotlin.Int value=262142
                ARG $handler: CONST Null type=kotlin.Any? value=null
          FUN BRIDGE name:invoke visibility:public modality:OPEN returnType:kotlin.Any?
            VALUE_PARAMETER INSTANCE_RECEIVER kind:DispatchReceiver name:<this> index:0 type:com.andrey.mapapp.ExpeditionDrawerKt.ExpeditionDrawerContent$lambda$4$lambda$3$lambda$1$lambda$0.<no name provided>
            EXPRESSION_BODY
              RETURN type=kotlin.Nothing from='public open fun invoke (): kotlin.Any? declared in com.andrey.mapapp.ExpeditionDrawerKt.ExpeditionDrawerContent$lambda$4$lambda$3$lambda$1$lambda$0.<no name provided>'
                CALL 'public final fun invoke (): kotlin.Unit declared in com.andrey.mapapp.ExpeditionDrawerKt.ExpeditionDrawerContent$lambda$4$lambda$3$lambda$1$lambda$0.<no name provided>' type=kotlin.Unit origin=BRIDGE_DELEGATION
                  ARG <this>: GET_VAR '<this>: com.andrey.mapapp.ExpeditionDrawerKt.ExpeditionDrawerContent$lambda$4$lambda$3$lambda$1$lambda$0.<no name provided> declared in com.andrey.mapapp.ExpeditionDrawerKt.ExpeditionDrawerContent$lambda$4$lambda$3$lambda$1$lambda$0.<no name provided>.invoke' type=com.andrey.mapapp.ExpeditionDrawerKt.ExpeditionDrawerContent$lambda$4$lambda$3$lambda$1$lambda$0.<no name provided> origin=null
        CONSTRUCTOR_CALL 'public/*package*/ constructor <init> ($exp: com.andrey.mapapp.data.local.entities.ExpeditionEntity) [primary] declared in com.andrey.mapapp.ExpeditionDrawerKt.ExpeditionDrawerContent$lambda$4$lambda$3$lambda$1$lambda$0.<no name provided>' type=com.andrey.mapapp.ExpeditionDrawerKt.ExpeditionDrawerContent$lambda$4$lambda$3$lambda$1$lambda$0.<no name provided> origin=null
          ARG $exp: GET_VAR 'exp: com.andrey.mapapp.data.local.entities.ExpeditionEntity declared in com.andrey.mapapp.ExpeditionDrawerKt.ExpeditionDrawerContent$lambda$4$lambda$3$lambda$1$lambda$0' type=com.andrey.mapapp.data.local.entities.ExpeditionEntity origin=null
      ARG selected: CALL 'public final fun EQEQ (arg0: kotlin.Any?, arg1: kotlin.Any?): kotlin.Boolean declared in kotlin.internal.ir' type=kotlin.Boolean origin=EQEQ
        ARG arg0: CALL 'public final fun <get-id> (): kotlin.Long declared in com.andrey.mapapp.data.local.entities.ExpeditionEntity' type=kotlin.Long origin=GET_PROPERTY
          ARG <this>: GET_VAR 'exp: com.andrey.mapapp.data.local.entities.ExpeditionEntity declared in com.andrey.mapapp.ExpeditionDrawerKt.ExpeditionDrawerContent$lambda$4$lambda$3$lambda$1$lambda$0' type=com.andrey.mapapp.data.local.entities.ExpeditionEntity origin=null
        ARG arg1: GET_VAR '$activeId: kotlin.Long? declared in com.andrey.mapapp.ExpeditionDrawerKt.ExpeditionDrawerContent$lambda$4$lambda$3$lambda$1$lambda$0' type=kotlin.Long? origin=null
      ARG onClick: BLOCK type=com.andrey.mapapp.ExpeditionDrawerKt.ExpeditionDrawerContent$lambda$4$lambda$3$lambda$1$lambda$0.<no name provided> origin=null
        CLASS LAMBDA_IMPL CLASS name:<no name provided> modality:FINAL visibility:public/*package*/ superTypes:[kotlin.Any; kotlin.Function0<kotlin.Unit>]
          thisReceiver: VALUE_PARAMETER INSTANCE_RECEIVER kind:DispatchReceiver name:<this> type:com.andrey.mapapp.ExpeditionDrawerKt.ExpeditionDrawerContent$lambda$4$lambda$3$lambda$1$lambda$0.<no name provided>
          CONSTRUCTOR GENERATED_MEMBER_IN_CALLABLE_REFERENCE visibility:public/*package*/ returnType:com.andrey.mapapp.ExpeditionDrawerKt.ExpeditionDrawerContent$lambda$4$lambda$3$lambda$1$lambda$0.<no name provided> [primary]
            VALUE_PARAMETER BOUND_VALUE_PARAMETER kind:Regular name:$onExpeditionClick index:0 type:kotlin.Function1<kotlin.Long, kotlin.Unit>
            VALUE_PARAMETER BOUND_VALUE_PARAMETER kind:Regular name:$exp index:1 type:com.andrey.mapapp.data.local.entities.ExpeditionEntity
            BLOCK_BODY
              SET_FIELD 'FIELD FIELD_FOR_CAPTURED_VALUE name:$onExpeditionClick type:kotlin.Function1<kotlin.Long, kotlin.Unit> visibility:public/*package*/ [final] declared in com.andrey.mapapp.ExpeditionDrawerKt.ExpeditionDrawerContent$lambda$4$lambda$3$lambda$1$lambda$0.<no name provided>' type=kotlin.Unit origin=INITIALIZER_OF_FIELD_FOR_CAPTURED_VALUE
                receiver: GET_VAR '<this>: com.andrey.mapapp.ExpeditionDrawerKt.ExpeditionDrawerContent$lambda$4$lambda$3$lambda$1$lambda$0.<no name provided> declared in com.andrey.mapapp.ExpeditionDrawerKt.ExpeditionDrawerContent$lambda$4$lambda$3$lambda$1$lambda$0.<no name provided>' type=com.andrey.mapapp.ExpeditionDrawerKt.ExpeditionDrawerContent$lambda$4$lambda$3$lambda$1$lambda$0.<no name provided> origin=null
                value: GET_VAR '$onExpeditionClick: kotlin.Function1<kotlin.Long, kotlin.Unit> declared in com.andrey.mapapp.ExpeditionDrawerKt.ExpeditionDrawerContent$lambda$4$lambda$3$lambda$1$lambda$0.<no name provided>.<init>' type=kotlin.Function1<kotlin.Long, kotlin.Unit> origin=null
              SET_FIELD 'FIELD FIELD_FOR_CAPTURED_VALUE name:$exp type:com.andrey.mapapp.data.local.entities.ExpeditionEntity visibility:public/*package*/ [final] declared in com.andrey.mapapp.ExpeditionDrawerKt.ExpeditionDrawerContent$lambda$4$lambda$3$lambda$1$lambda$0.<no name provided>' type=kotlin.Unit origin=INITIALIZER_OF_FIELD_FOR_CAPTURED_VALUE
                receiver: GET_VAR '<this>: com.andrey.mapapp.ExpeditionDrawerKt.ExpeditionDrawerContent$lambda$4$lambda$3$lambda$1$lambda$0.<no name provided> declared in com.andrey.mapapp.ExpeditionDrawerKt.ExpeditionDrawerContent$lambda$4$lambda$3$lambda$1$lambda$0.<no name provided>' type=com.andrey.mapapp.ExpeditionDrawerKt.ExpeditionDrawerContent$lambda$4$lambda$3$lambda$1$lambda$0.<no name provided> origin=null
                value: GET_VAR '$exp: com.andrey.mapapp.data.local.entities.ExpeditionEntity declared in com.andrey.mapapp.ExpeditionDrawerKt.ExpeditionDrawerContent$lambda$4$lambda$3$lambda$1$lambda$0.<no name provided>.<init>' type=com.andrey.mapapp.data.local.entities.ExpeditionEntity origin=null
              DELEGATING_CONSTRUCTOR_CALL 'public constructor <init> () [primary] declared in kotlin.Any'
              BLOCK type=kotlin.Unit origin=null
          FUN name:invoke visibility:public modality:FINAL returnType:kotlin.Unit
            VALUE_PARAMETER INSTANCE_RECEIVER kind:DispatchReceiver name:<this> index:0 type:com.andrey.mapapp.ExpeditionDrawerKt.ExpeditionDrawerContent$lambda$4$lambda$3$lambda$1$lambda$0.<no name provided>
            overridden:
              public abstract fun invoke (): R of kotlin.Function0 [operator] declared in kotlin.Function0
            BLOCK_BODY
              CALL 'public abstract fun invoke (p1: P1 of kotlin.Function1): R of kotlin.Function1 [operator] declared in kotlin.Function1' type=kotlin.Unit origin=INVOKE
                ARG <this>: GET_FIELD 'FIELD FIELD_FOR_CAPTURED_VALUE name:$onExpeditionClick type:kotlin.Function1<kotlin.Long, kotlin.Unit> visibility:public/*package*/ [final] declared in com.andrey.mapapp.ExpeditionDrawerKt.ExpeditionDrawerContent$lambda$4$lambda$3$lambda$1$lambda$0.<no name provided>' type=kotlin.Function1<kotlin.Long, kotlin.Unit> origin=null
                  receiver: GET_VAR '<this>: com.andrey.mapapp.ExpeditionDrawerKt.ExpeditionDrawerContent$lambda$4$lambda$3$lambda$1$lambda$0.<no name provided> declared in com.andrey.mapapp.ExpeditionDrawerKt.ExpeditionDrawerContent$lambda$4$lambda$3$lambda$1$lambda$0.<no name provided>.invoke' type=com.andrey.mapapp.ExpeditionDrawerKt.ExpeditionDrawerContent$lambda$4$lambda$3$lambda$1$lambda$0.<no name provided> origin=null
                ARG p1: CALL 'public final fun <get-id> (): kotlin.Long declared in com.andrey.mapapp.data.local.entities.ExpeditionEntity' type=kotlin.Long origin=GET_PROPERTY
                  ARG <this>: GET_FIELD 'FIELD FIELD_FOR_CAPTURED_VALUE name:$exp type:com.andrey.mapapp.data.local.entities.ExpeditionEntity visibility:public/*package*/ [final] declared in com.andrey.mapapp.ExpeditionDrawerKt.ExpeditionDrawerContent$lambda$4$lambda$3$lambda$1$lambda$0.<no name provided>' type=com.andrey.mapapp.data.local.entities.ExpeditionEntity origin=null
                    receiver: GET_VAR '<this>: com.andrey.mapapp.ExpeditionDrawerKt.ExpeditionDrawerContent$lambda$4$lambda$3$lambda$1$lambda$0.<no name provided> declared in com.andrey.mapapp.ExpeditionDrawerKt.ExpeditionDrawerContent$lambda$4$lambda$3$lambda$1$lambda$0.<no name provided>.invoke' type=com.andrey.mapapp.ExpeditionDrawerKt.ExpeditionDrawerContent$lambda$4$lambda$3$lambda$1$lambda$0.<no name provided> origin=null
          FIELD FIELD_FOR_CAPTURED_VALUE name:$onExpeditionClick type:kotlin.Function1<kotlin.Long, kotlin.Unit> visibility:public/*package*/ [final]
          FIELD FIELD_FOR_CAPTURED_VALUE name:$exp type:com.andrey.mapapp.data.local.entities.ExpeditionEntity visibility:public/*package*/ [final]
          FUN BRIDGE name:invoke visibility:public modality:OPEN returnType:kotlin.Any?
            VALUE_PARAMETER INSTANCE_RECEIVER kind:DispatchReceiver name:<this> index:0 type:com.andrey.mapapp.ExpeditionDrawerKt.ExpeditionDrawerContent$lambda$4$lambda$3$lambda$1$lambda$0.<no name provided>
            EXPRESSION_BODY
              RETURN type=kotlin.Nothing from='public open fun invoke (): kotlin.Any? declared in com.andrey.mapapp.ExpeditionDrawerKt.ExpeditionDrawerContent$lambda$4$lambda$3$lambda$1$lambda$0.<no name provided>'
                CALL 'public final fun invoke (): kotlin.Unit declared in com.andrey.mapapp.ExpeditionDrawerKt.ExpeditionDrawerContent$lambda$4$lambda$3$lambda$1$lambda$0.<no name provided>' type=kotlin.Unit origin=BRIDGE_DELEGATION
                  ARG <this>: GET_VAR '<this>: com.andrey.mapapp.ExpeditionDrawerKt.ExpeditionDrawerContent$lambda$4$lambda$3$lambda$1$lambda$0.<no name provided> declared in com.andrey.mapapp.ExpeditionDrawerKt.ExpeditionDrawerContent$lambda$4$lambda$3$lambda$1$lambda$0.<no name provided>.invoke' type=com.andrey.mapapp.ExpeditionDrawerKt.ExpeditionDrawerContent$lambda$4$lambda$3$lambda$1$lambda$0.<no name provided> origin=null
        CONSTRUCTOR_CALL 'public/*package*/ constructor <init> ($onExpeditionClick: kotlin.Function1<kotlin.Long, kotlin.Unit>, $exp: com.andrey.mapapp.data.local.entities.ExpeditionEntity) [primary] declared in com.andrey.mapapp.ExpeditionDrawerKt.ExpeditionDrawerContent$lambda$4$lambda$3$lambda$1$lambda$0.<no name provided>' type=com.andrey.mapapp.ExpeditionDrawerKt.ExpeditionDrawerContent$lambda$4$lambda$3$lambda$1$lambda$0.<no name provided> origin=null
          ARG $onExpeditionClick: GET_VAR '$onExpeditionClick: kotlin.Function1<kotlin.Long, kotlin.Unit> declared in com.andrey.mapapp.ExpeditionDrawerKt.ExpeditionDrawerContent$lambda$4$lambda$3$lambda$1$lambda$0' type=kotlin.Function1<kotlin.Long, kotlin.Unit> origin=null
          ARG $exp: GET_VAR 'exp: com.andrey.mapapp.data.local.entities.ExpeditionEntity declared in com.andrey.mapapp.ExpeditionDrawerKt.ExpeditionDrawerContent$lambda$4$lambda$3$lambda$1$lambda$0' type=com.andrey.mapapp.data.local.entities.ExpeditionEntity origin=null
      ARG modifier: CALL 'public final fun padding-VpY3zN4$default ($this$padding: androidx.compose.ui.Modifier, horizontal: androidx.compose.ui.unit.Dp, vertical: androidx.compose.ui.unit.Dp, $mask0: kotlin.Int, $handler: kotlin.Any?): androidx.compose.ui.Modifier declared in androidx.compose.foundation.layout.PaddingKt' type=androidx.compose.ui.Modifier origin=DEFAULT_DISPATCH_CALL
        ARG $this$padding: GET_FIELD 'FIELD FIELD_FOR_OBJECT_INSTANCE name:Companion type:androidx.compose.ui.Modifier.Companion visibility:public [final,static] declared in androidx.compose.ui.Modifier' type=androidx.compose.ui.Modifier.Companion origin=null
        ARG horizontal: COMPOSITE type=androidx.compose.ui.unit.Dp origin=DEFAULT_VALUE
          CALL 'public final fun <unsafe-coerce> <T, R> (v: T of kotlin.jvm.internal.<unsafe-coerce>): R of kotlin.jvm.internal.<unsafe-coerce> declared in kotlin.jvm.internal' type=androidx.compose.ui.unit.Dp origin=null
            TYPE_ARG T: kotlin.Float
            TYPE_ARG R: androidx.compose.ui.unit.Dp
            ARG v: CONST Float type=kotlin.Float value=0.0
        ARG vertical: CALL 'public final fun <get-dp> (<this>: kotlin.Int): androidx.compose.ui.unit.Dp [inline] declared in androidx.compose.ui.unit.DpKt' type=androidx.compose.ui.unit.Dp origin=GET_PROPERTY
          ARG <this>: CONST Int type=kotlin.Int value=4
        ARG $mask0: CONST Int type=kotlin.Int value=1
        ARG $handler: CONST Null type=kotlin.Any? value=null
      ARG icon: COMPOSITE type=@[Composable] kotlin.Function0<kotlin.Unit>? origin=DEFAULT_VALUE
        CONST Null type=@[Composable] kotlin.Function0<kotlin.Unit>? value=null
      ARG badge: BLOCK type=com.andrey.mapapp.ExpeditionDrawerKt.ExpeditionDrawerContent$lambda$4$lambda$3$lambda$1$lambda$0.<no name provided> origin=null
        CLASS LAMBDA_IMPL CLASS name:<no name provided> modality:FINAL visibility:public/*package*/ superTypes:[kotlin.Any; kotlin.Function0<kotlin.Unit>]
          thisReceiver: VALUE_PARAMETER INSTANCE_RECEIVER kind:DispatchReceiver name:<this> type:com.andrey.mapapp.ExpeditionDrawerKt.ExpeditionDrawerContent$lambda$4$lambda$3$lambda$1$lambda$0.<no name provided>
          CONSTRUCTOR GENERATED_MEMBER_IN_CALLABLE_REFERENCE visibility:public/*package*/ returnType:com.andrey.mapapp.ExpeditionDrawerKt.ExpeditionDrawerContent$lambda$4$lambda$3$lambda$1$lambda$0.<no name provided> [primary]
            VALUE_PARAMETER BOUND_VALUE_PARAMETER kind:Regular name:$onDeleteExpedition index:0 type:kotlin.Function1<com.andrey.mapapp.data.local.entities.ExpeditionEntity, kotlin.Unit>
            VALUE_PARAMETER BOUND_VALUE_PARAMETER kind:Regular name:$exp index:1 type:com.andrey.mapapp.data.local.entities.ExpeditionEntity
            BLOCK_BODY
              SET_FIELD 'FIELD FIELD_FOR_CAPTURED_VALUE name:$onDeleteExpedition type:kotlin.Function1<com.andrey.mapapp.data.local.entities.ExpeditionEntity, kotlin.Unit> visibility:public/*package*/ [final] declared in com.andrey.mapapp.ExpeditionDrawerKt.ExpeditionDrawerContent$lambda$4$lambda$3$lambda$1$lambda$0.<no name provided>' type=kotlin.Unit origin=INITIALIZER_OF_FIELD_FOR_CAPTURED_VALUE
                receiver: GET_VAR '<this>: com.andrey.mapapp.ExpeditionDrawerKt.ExpeditionDrawerContent$lambda$4$lambda$3$lambda$1$lambda$0.<no name provided> declared in com.andrey.mapapp.ExpeditionDrawerKt.ExpeditionDrawerContent$lambda$4$lambda$3$lambda$1$lambda$0.<no name provided>' type=com.andrey.mapapp.ExpeditionDrawerKt.ExpeditionDrawerContent$lambda$4$lambda$3$lambda$1$lambda$0.<no name provided> origin=null
                value: GET_VAR '$onDeleteExpedition: kotlin.Function1<com.andrey.mapapp.data.local.entities.ExpeditionEntity, kotlin.Unit> declared in com.andrey.mapapp.ExpeditionDrawerKt.ExpeditionDrawerContent$lambda$4$lambda$3$lambda$1$lambda$0.<no name provided>.<init>' type=kotlin.Function1<com.andrey.mapapp.data.local.entities.ExpeditionEntity, kotlin.Unit> origin=null
              SET_FIELD 'FIELD FIELD_FOR_CAPTURED_VALUE name:$exp type:com.andrey.mapapp.data.local.entities.ExpeditionEntity visibility:public/*package*/ [final] declared in com.andrey.mapapp.ExpeditionDrawerKt.ExpeditionDrawerContent$lambda$4$lambda$3$lambda$1$lambda$0.<no name provided>' type=kotlin.Unit origin=INITIALIZER_OF_FIELD_FOR_CAPTURED_VALUE
                receiver: GET_VAR '<this>: com.andrey.mapapp.ExpeditionDrawerKt.ExpeditionDrawerContent$lambda$4$lambda$3$lambda$1$lambda$0.<no name provided> declared in com.andrey.mapapp.ExpeditionDrawerKt.ExpeditionDrawerContent$lambda$4$lambda$3$lambda$1$lambda$0.<no name provided>' type=com.andrey.mapapp.ExpeditionDrawerKt.ExpeditionDrawerContent$lambda$4$lambda$3$lambda$1$lambda$0.<no name provided> origin=null
                value: GET_VAR '$exp: com.andrey.mapapp.data.local.entities.ExpeditionEntity declared in com.andrey.mapapp.ExpeditionDrawerKt.ExpeditionDrawerContent$lambda$4$lambda$3$lambda$1$lambda$0.<no name provided>.<init>' type=com.andrey.mapapp.data.local.entities.ExpeditionEntity origin=null
              DELEGATING_CONSTRUCTOR_CALL 'public constructor <init> () [primary] declared in kotlin.Any'
              BLOCK type=kotlin.Unit origin=null
          FUN name:invoke visibility:public modality:FINAL returnType:kotlin.Unit
            VALUE_PARAMETER INSTANCE_RECEIVER kind:DispatchReceiver name:<this> index:0 type:com.andrey.mapapp.ExpeditionDrawerKt.ExpeditionDrawerContent$lambda$4$lambda$3$lambda$1$lambda$0.<no name provided>
            overridden:
              public abstract fun invoke (): R of kotlin.Function0 [operator] declared in kotlin.Function0
            BLOCK_BODY
              CALL 'public final fun IconButton$default (onClick: kotlin.Function0<kotlin.Unit>, modifier: androidx.compose.ui.Modifier?, enabled: kotlin.Boolean, colors: androidx.compose.material3.IconButtonColors?, interactionSource: androidx.compose.foundation.interaction.MutableInteractionSource?, shape: androidx.compose.ui.graphics.Shape?, content: @[Composable] kotlin.Function0<kotlin.Unit>, $mask0: kotlin.Int, $handler: kotlin.Any?): kotlin.Unit declared in androidx.compose.material3.IconButtonKt' type=kotlin.Unit origin=DEFAULT_DISPATCH_CALL
                ARG onClick: BLOCK type=com.andrey.mapapp.ExpeditionDrawerKt.ExpeditionDrawerContent$lambda$4$lambda$3$lambda$1$lambda$0.<no name provided>.invoke.<no name provided> origin=null
                  CLASS LAMBDA_IMPL CLASS name:<no name provided> modality:FINAL visibility:public/*package*/ superTypes:[kotlin.Any; kotlin.Function0<kotlin.Unit>]
                    thisReceiver: VALUE_PARAMETER INSTANCE_RECEIVER kind:DispatchReceiver name:<this> type:com.andrey.mapapp.ExpeditionDrawerKt.ExpeditionDrawerContent$lambda$4$lambda$3$lambda$1$lambda$0.<no name provided>.invoke.<no name provided>
                    CONSTRUCTOR GENERATED_MEMBER_IN_CALLABLE_REFERENCE visibility:public/*package*/ returnType:com.andrey.mapapp.ExpeditionDrawerKt.ExpeditionDrawerContent$lambda$4$lambda$3$lambda$1$lambda$0.<no name provided>.invoke.<no name provided> [primary]
                      VALUE_PARAMETER BOUND_VALUE_PARAMETER kind:Regular name:$onDeleteExpedition index:0 type:kotlin.Function1<com.andrey.mapapp.data.local.entities.ExpeditionEntity, kotlin.Unit>
                      VALUE_PARAMETER BOUND_VALUE_PARAMETER kind:Regular name:$exp index:1 type:com.andrey.mapapp.data.local.entities.ExpeditionEntity
                      BLOCK_BODY
                        SET_FIELD 'FIELD FIELD_FOR_CAPTURED_VALUE name:$onDeleteExpedition type:kotlin.Function1<com.andrey.mapapp.data.local.entities.ExpeditionEntity, kotlin.Unit> visibility:public/*package*/ [final] declared in com.andrey.mapapp.ExpeditionDrawerKt.ExpeditionDrawerContent$lambda$4$lambda$3$lambda$1$lambda$0.<no name provided>.invoke.<no name provided>' type=kotlin.Unit origin=INITIALIZER_OF_FIELD_FOR_CAPTURED_VALUE
                          receiver: GET_VAR '<this>: com.andrey.mapapp.ExpeditionDrawerKt.ExpeditionDrawerContent$lambda$4$lambda$3$lambda$1$lambda$0.<no name provided>.invoke.<no name provided> declared in com.andrey.mapapp.ExpeditionDrawerKt.ExpeditionDrawerContent$lambda$4$lambda$3$lambda$1$lambda$0.<no name provided>.invoke.<no name provided>' type=com.andrey.mapapp.ExpeditionDrawerKt.ExpeditionDrawerContent$lambda$4$lambda$3$lambda$1$lambda$0.<no name provided>.invoke.<no name provided> origin=null
                          value: GET_VAR '$onDeleteExpedition: kotlin.Function1<com.andrey.mapapp.data.local.entities.ExpeditionEntity, kotlin.Unit> declared in com.andrey.mapapp.ExpeditionDrawerKt.ExpeditionDrawerContent$lambda$4$lambda$3$lambda$1$lambda$0.<no name provided>.invoke.<no name provided>.<init>' type=kotlin.Function1<com.andrey.mapapp.data.local.entities.ExpeditionEntity, kotlin.Unit> origin=null
                        SET_FIELD 'FIELD FIELD_FOR_CAPTURED_VALUE name:$exp type:com.andrey.mapapp.data.local.entities.ExpeditionEntity visibility:public/*package*/ [final] declared in com.andrey.mapapp.ExpeditionDrawerKt.ExpeditionDrawerContent$lambda$4$lambda$3$lambda$1$lambda$0.<no name provided>.invoke.<no name provided>' type=kotlin.Unit origin=INITIALIZER_OF_FIELD_FOR_CAPTURED_VALUE
                          receiver: GET_VAR '<this>: com.andrey.mapapp.ExpeditionDrawerKt.ExpeditionDrawerContent$lambda$4$lambda$3$lambda$1$lambda$0.<no name provided>.invoke.<no name provided> declared in com.andrey.mapapp.ExpeditionDrawerKt.ExpeditionDrawerContent$lambda$4$lambda$3$lambda$1$lambda$0.<no name provided>.invoke.<no name provided>' type=com.andrey.mapapp.ExpeditionDrawerKt.ExpeditionDrawerContent$lambda$4$lambda$3$lambda$1$lambda$0.<no name provided>.invoke.<no name provided> origin=null
                          value: GET_VAR '$exp: com.andrey.mapapp.data.local.entities.ExpeditionEntity declared in com.andrey.mapapp.ExpeditionDrawerKt.ExpeditionDrawerContent$lambda$4$lambda$3$lambda$1$lambda$0.<no name provided>.invoke.<no name provided>.<init>' type=com.andrey.mapapp.data.local.entities.ExpeditionEntity origin=null
                        DELEGATING_CONSTRUCTOR_CALL 'public constructor <init> () [primary] declared in kotlin.Any'
                        BLOCK type=kotlin.Unit origin=null
                    FUN name:invoke visibility:public modality:FINAL returnType:kotlin.Unit
                      VALUE_PARAMETER INSTANCE_RECEIVER kind:DispatchReceiver name:<this> index:0 type:com.andrey.mapapp.ExpeditionDrawerKt.ExpeditionDrawerContent$lambda$4$lambda$3$lambda$1$lambda$0.<no name provided>.invoke.<no name provided>
                      overridden:
                        public abstract fun invoke (): R of kotlin.Function0 [operator] declared in kotlin.Function0
                      BLOCK_BODY
                        CALL 'public abstract fun invoke (p1: P1 of kotlin.Function1): R of kotlin.Function1 [operator] declared in kotlin.Function1' type=kotlin.Unit origin=INVOKE
                          ARG <this>: GET_FIELD 'FIELD FIELD_FOR_CAPTURED_VALUE name:$onDeleteExpedition type:kotlin.Function1<com.andrey.mapapp.data.local.entities.ExpeditionEntity, kotlin.Unit> visibility:public/*package*/ [final] declared in com.andrey.mapapp.ExpeditionDrawerKt.ExpeditionDrawerContent$lambda$4$lambda$3$lambda$1$lambda$0.<no name provided>.invoke.<no name provided>' type=kotlin.Function1<com.andrey.mapapp.data.local.entities.ExpeditionEntity, kotlin.Unit> origin=null
                            receiver: GET_VAR '<this>: com.andrey.mapapp.ExpeditionDrawerKt.ExpeditionDrawerContent$lambda$4$lambda$3$lambda$1$lambda$0.<no name provided>.invoke.<no name provided> declared in com.andrey.mapapp.ExpeditionDrawerKt.ExpeditionDrawerContent$lambda$4$lambda$3$lambda$1$lambda$0.<no name provided>.invoke.<no name provided>.invoke' type=com.andrey.mapapp.ExpeditionDrawerKt.ExpeditionDrawerContent$lambda$4$lambda$3$lambda$1$lambda$0.<no name provided>.invoke.<no name provided> origin=null
                          ARG p1: GET_FIELD 'FIELD FIELD_FOR_CAPTURED_VALUE name:$exp type:com.andrey.mapapp.data.local.entities.ExpeditionEntity visibility:public/*package*/ [final] declared in com.andrey.mapapp.ExpeditionDrawerKt.ExpeditionDrawerContent$lambda$4$lambda$3$lambda$1$lambda$0.<no name provided>.invoke.<no name provided>' type=com.andrey.mapapp.data.local.entities.ExpeditionEntity origin=null
                            receiver: GET_VAR '<this>: com.andrey.mapapp.ExpeditionDrawerKt.ExpeditionDrawerContent$lambda$4$lambda$3$lambda$1$lambda$0.<no name provided>.invoke.<no name provided> declared in com.andrey.mapapp.ExpeditionDrawerKt.ExpeditionDrawerContent$lambda$4$lambda$3$lambda$1$lambda$0.<no name provided>.invoke.<no name provided>.invoke' type=com.andrey.mapapp.ExpeditionDrawerKt.ExpeditionDrawerContent$lambda$4$lambda$3$lambda$1$lambda$0.<no name provided>.invoke.<no name provided> origin=null
                    FIELD FIELD_FOR_CAPTURED_VALUE name:$onDeleteExpedition type:kotlin.Function1<com.andrey.mapapp.data.local.entities.ExpeditionEntity, kotlin.Unit> visibility:public/*package*/ [final]
                    FIELD FIELD_FOR_CAPTURED_VALUE name:$exp type:com.andrey.mapapp.data.local.entities.ExpeditionEntity visibility:public/*package*/ [final]
                    FUN BRIDGE name:invoke visibility:public modality:OPEN returnType:kotlin.Any?
                      VALUE_PARAMETER INSTANCE_RECEIVER kind:DispatchReceiver name:<this> index:0 type:com.andrey.mapapp.ExpeditionDrawerKt.ExpeditionDrawerContent$lambda$4$lambda$3$lambda$1$lambda$0.<no name provided>.invoke.<no name provided>
                      EXPRESSION_BODY
                        RETURN type=kotlin.Nothing from='public open fun invoke (): kotlin.Any? declared in com.andrey.mapapp.ExpeditionDrawerKt.ExpeditionDrawerContent$lambda$4$lambda$3$lambda$1$lambda$0.<no name provided>.invoke.<no name provided>'
                          CALL 'public final fun invoke (): kotlin.Unit declared in com.andrey.mapapp.ExpeditionDrawerKt.ExpeditionDrawerContent$lambda$4$lambda$3$lambda$1$lambda$0.<no name provided>.invoke.<no name provided>' type=kotlin.Unit origin=BRIDGE_DELEGATION
                            ARG <this>: GET_VAR '<this>: com.andrey.mapapp.ExpeditionDrawerKt.ExpeditionDrawerContent$lambda$4$lambda$3$lambda$1$lambda$0.<no name provided>.invoke.<no name provided> declared in com.andrey.mapapp.ExpeditionDrawerKt.ExpeditionDrawerContent$lambda$4$lambda$3$lambda$1$lambda$0.<no name provided>.invoke.<no name provided>.invoke' type=com.andrey.mapapp.ExpeditionDrawerKt.ExpeditionDrawerContent$lambda$4$lambda$3$lambda$1$lambda$0.<no name provided>.invoke.<no name provided> origin=null
                  CONSTRUCTOR_CALL 'public/*package*/ constructor <init> ($onDeleteExpedition: kotlin.Function1<com.andrey.mapapp.data.local.entities.ExpeditionEntity, kotlin.Unit>, $exp: com.andrey.mapapp.data.local.entities.ExpeditionEntity) [primary] declared in com.andrey.mapapp.ExpeditionDrawerKt.ExpeditionDrawerContent$lambda$4$lambda$3$lambda$1$lambda$0.<no name provided>.invoke.<no name provided>' type=com.andrey.mapapp.ExpeditionDrawerKt.ExpeditionDrawerContent$lambda$4$lambda$3$lambda$1$lambda$0.<no name provided>.invoke.<no name provided> origin=null
                    ARG $onDeleteExpedition: GET_FIELD 'FIELD FIELD_FOR_CAPTURED_VALUE name:$onDeleteExpedition type:kotlin.Function1<com.andrey.mapapp.data.local.entities.ExpeditionEntity, kotlin.Unit> visibility:public/*package*/ [final] declared in com.andrey.mapapp.ExpeditionDrawerKt.ExpeditionDrawerContent$lambda$4$lambda$3$lambda$1$lambda$0.<no name provided>' type=kotlin.Function1<com.andrey.mapapp.data.local.entities.ExpeditionEntity, kotlin.Unit> origin=null
                      receiver: GET_VAR '<this>: com.andrey.mapapp.ExpeditionDrawerKt.ExpeditionDrawerContent$lambda$4$lambda$3$lambda$1$lambda$0.<no name provided> declared in com.andrey.mapapp.ExpeditionDrawerKt.ExpeditionDrawerContent$lambda$4$lambda$3$lambda$1$lambda$0.<no name provided>.invoke' type=com.andrey.mapapp.ExpeditionDrawerKt.ExpeditionDrawerContent$lambda$4$lambda$3$lambda$1$lambda$0.<no name provided> origin=null
                    ARG $exp: GET_FIELD 'FIELD FIELD_FOR_CAPTURED_VALUE name:$exp type:com.andrey.mapapp.data.local.entities.ExpeditionEntity visibility:public/*package*/ [final] declared in com.andrey.mapapp.ExpeditionDrawerKt.ExpeditionDrawerContent$lambda$4$lambda$3$lambda$1$lambda$0.<no name provided>' type=com.andrey.mapapp.data.local.entities.ExpeditionEntity origin=null
                      receiver: GET_VAR '<this>: com.andrey.mapapp.ExpeditionDrawerKt.ExpeditionDrawerContent$lambda$4$lambda$3$lambda$1$lambda$0.<no name provided> declared in com.andrey.mapapp.ExpeditionDrawerKt.ExpeditionDrawerContent$lambda$4$lambda$3$lambda$1$lambda$0.<no name provided>.invoke' type=com.andrey.mapapp.ExpeditionDrawerKt.ExpeditionDrawerContent$lambda$4$lambda$3$lambda$1$lambda$0.<no name provided> origin=null
                ARG modifier: COMPOSITE type=androidx.compose.ui.Modifier? origin=DEFAULT_VALUE
                  CONST Null type=androidx.compose.ui.Modifier? value=null
                ARG enabled: COMPOSITE type=kotlin.Boolean origin=DEFAULT_VALUE
                  CONST Boolean type=kotlin.Boolean value=false
                ARG colors: COMPOSITE type=androidx.compose.material3.IconButtonColors? origin=DEFAULT_VALUE
                  CONST Null type=androidx.compose.material3.IconButtonColors? value=null
                ARG interactionSource: COMPOSITE type=androidx.compose.foundation.interaction.MutableInteractionSource? origin=DEFAULT_VALUE
                  CONST Null type=androidx.compose.foundation.interaction.MutableInteractionSource? value=null
                ARG shape: COMPOSITE type=androidx.compose.ui.graphics.Shape? origin=DEFAULT_VALUE
                  CONST Null type=androidx.compose.ui.graphics.Shape? value=null
                ARG content: BLOCK type=com.andrey.mapapp.ExpeditionDrawerKt.ExpeditionDrawerContent$lambda$4$lambda$3$lambda$1$lambda$0.<no name provided>.invoke.<no name provided> origin=null
                  CLASS LAMBDA_IMPL CLASS name:<no name provided> modality:FINAL visibility:public/*package*/ superTypes:[kotlin.Any; kotlin.Function0<kotlin.Unit>]
                    thisReceiver: VALUE_PARAMETER INSTANCE_RECEIVER kind:DispatchReceiver name:<this> type:com.andrey.mapapp.ExpeditionDrawerKt.ExpeditionDrawerContent$lambda$4$lambda$3$lambda$1$lambda$0.<no name provided>.invoke.<no name provided>
                    CONSTRUCTOR GENERATED_MEMBER_IN_CALLABLE_REFERENCE visibility:public/*package*/ returnType:com.andrey.mapapp.ExpeditionDrawerKt.ExpeditionDrawerContent$lambda$4$lambda$3$lambda$1$lambda$0.<no name provided>.invoke.<no name provided> [primary]
                      BLOCK_BODY
                        DELEGATING_CONSTRUCTOR_CALL 'public constructor <init> () [primary] declared in kotlin.Any'
                        BLOCK type=kotlin.Unit origin=null
                    FUN name:invoke visibility:public modality:FINAL returnType:kotlin.Unit
                      VALUE_PARAMETER INSTANCE_RECEIVER kind:DispatchReceiver name:<this> index:0 type:com.andrey.mapapp.ExpeditionDrawerKt.ExpeditionDrawerContent$lambda$4$lambda$3$lambda$1$lambda$0.<no name provided>.invoke.<no name provided>
                      overridden:
                        public abstract fun invoke (): R of kotlin.Function0 [operator] declared in kotlin.Function0
                      BLOCK_BODY
                        CALL 'public final fun Icon-BG621w0$default (imageVector: androidx.compose.ui.graphics.vector.ImageVector, contentDescription: kotlin.String?, modifier: androidx.compose.ui.Modifier?, tint: androidx.compose.ui.graphics.Color, $mask0: kotlin.Int, $handler: kotlin.Any?): kotlin.Unit declared in androidx.compose.material3.IconKt' type=kotlin.Unit origin=DEFAULT_DISPATCH_CALL
                          ARG imageVector: CALL 'public final fun <get-Delete> (<this>: androidx.compose.material.icons.Icons.Filled): androidx.compose.ui.graphics.vector.ImageVector declared in androidx.compose.material.icons.filled.DeleteKt' type=androidx.compose.ui.graphics.vector.ImageVector origin=GET_PROPERTY
                            ARG <this>: CALL 'public final fun <get-Default> (): androidx.compose.material.icons.Icons.Filled declared in androidx.compose.material.icons.Icons' type=androidx.compose.material.icons.Icons.Filled origin=GET_PROPERTY
                              ARG <this>: GET_FIELD 'FIELD FIELD_FOR_OBJECT_INSTANCE name:INSTANCE type:androidx.compose.material.icons.Icons visibility:public [final,static] declared in androidx.compose.material.icons.Icons' type=androidx.compose.material.icons.Icons origin=null
                          ARG contentDescription: CONST String type=kotlin.String value="Удалить"
                          ARG modifier: COMPOSITE type=androidx.compose.ui.Modifier? origin=DEFAULT_VALUE
                            CONST Null type=androidx.compose.ui.Modifier? value=null
                          ARG tint: CALL 'public final fun getError-0d7_KjU (): androidx.compose.ui.graphics.Color declared in androidx.compose.material3.ColorScheme' type=androidx.compose.ui.graphics.Color origin=GET_PROPERTY
                            ARG <this>: CALL 'public final fun <get-colorScheme> (): androidx.compose.material3.ColorScheme declared in androidx.compose.material3.MaterialTheme' type=androidx.compose.material3.ColorScheme origin=GET_PROPERTY
                              ARG <this>: GET_FIELD 'FIELD FIELD_FOR_OBJECT_INSTANCE name:INSTANCE type:androidx.compose.material3.MaterialTheme visibility:public [final,static] declared in androidx.compose.material3.MaterialTheme' type=androidx.compose.material3.MaterialTheme origin=null
                          ARG $mask0: CONST Int type=kotlin.Int value=4
                          ARG $handler: CONST Null type=kotlin.Any? value=null
                    FIELD FIELD_FOR_OBJECT_INSTANCE name:INSTANCE type:com.andrey.mapapp.ExpeditionDrawerKt.ExpeditionDrawerContent$lambda$4$lambda$3$lambda$1$lambda$0.<no name provided>.invoke.<no name provided> visibility:public [final,static]
                    FUN CLASS_STATIC_INITIALIZER name:<clinit> visibility:public/*package*/ modality:FINAL returnType:kotlin.Unit
                      BLOCK_BODY
                        SET_FIELD 'FIELD FIELD_FOR_OBJECT_INSTANCE name:INSTANCE type:com.andrey.mapapp.ExpeditionDrawerKt.ExpeditionDrawerContent$lambda$4$lambda$3$lambda$1$lambda$0.<no name provided>.invoke.<no name provided> visibility:public [final,static] declared in com.andrey.mapapp.ExpeditionDrawerKt.ExpeditionDrawerContent$lambda$4$lambda$3$lambda$1$lambda$0.<no name provided>.invoke.<no name provided>' type=kotlin.Unit origin=INITIALIZE_FIELD
                          value: CONSTRUCTOR_CALL 'public/*package*/ constructor <init> () [primary] declared in com.andrey.mapapp.ExpeditionDrawerKt.ExpeditionDrawerContent$lambda$4$lambda$3$lambda$1$lambda$0.<no name provided>.invoke.<no name provided>' type=com.andrey.mapapp.ExpeditionDrawerKt.ExpeditionDrawerContent$lambda$4$lambda$3$lambda$1$lambda$0.<no name provided>.invoke.<no name provided> origin=null
                    FUN BRIDGE name:invoke visibility:public modality:OPEN returnType:kotlin.Any?
                      VALUE_PARAMETER INSTANCE_RECEIVER kind:DispatchReceiver name:<this> index:0 type:com.andrey.mapapp.ExpeditionDrawerKt.ExpeditionDrawerContent$lambda$4$lambda$3$lambda$1$lambda$0.<no name provided>.invoke.<no name provided>
                      EXPRESSION_BODY
                        RETURN type=kotlin.Nothing from='public open fun invoke (): kotlin.Any? declared in com.andrey.mapapp.ExpeditionDrawerKt.ExpeditionDrawerContent$lambda$4$lambda$3$lambda$1$lambda$0.<no name provided>.invoke.<no name provided>'
                          CALL 'public final fun invoke (): kotlin.Unit declared in com.andrey.mapapp.ExpeditionDrawerKt.ExpeditionDrawerContent$lambda$4$lambda$3$lambda$1$lambda$0.<no name provided>.invoke.<no name provided>' type=kotlin.Unit origin=BRIDGE_DELEGATION
                            ARG <this>: GET_VAR '<this>: com.andrey.mapapp.ExpeditionDrawerKt.ExpeditionDrawerContent$lambda$4$lambda$3$lambda$1$lambda$0.<no name provided>.invoke.<no name provided> declared in com.andrey.mapapp.ExpeditionDrawerKt.ExpeditionDrawerContent$lambda$4$lambda$3$lambda$1$lambda$0.<no name provided>.invoke.<no name provided>.invoke' type=com.andrey.mapapp.ExpeditionDrawerKt.ExpeditionDrawerContent$lambda$4$lambda$3$lambda$1$lambda$0.<no name provided>.invoke.<no name provided> origin=null
                  GET_FIELD 'FIELD FIELD_FOR_OBJECT_INSTANCE name:INSTANCE type:com.andrey.mapapp.ExpeditionDrawerKt.ExpeditionDrawerContent$lambda$4$lambda$3$lambda$1$lambda$0.<no name provided>.invoke.<no name provided> visibility:public [final,static] declared in com.andrey.mapapp.ExpeditionDrawerKt.ExpeditionDrawerContent$lambda$4$lambda$3$lambda$1$lambda$0.<no name provided>.invoke.<no name provided>' type=com.andrey.mapapp.ExpeditionDrawerKt.ExpeditionDrawerContent$lambda$4$lambda$3$lambda$1$lambda$0.<no name provided>.invoke.<no name provided> origin=null
                ARG $mask0: CONST Int type=kotlin.Int value=62
                ARG $handler: CONST Null type=kotlin.Any? value=null
          FIELD FIELD_FOR_CAPTURED_VALUE name:$onDeleteExpedition type:kotlin.Function1<com.andrey.mapapp.data.local.entities.ExpeditionEntity, kotlin.Unit> visibility:public/*package*/ [final]
          FIELD FIELD_FOR_CAPTURED_VALUE name:$exp type:com.andrey.mapapp.data.local.entities.ExpeditionEntity visibility:public/*package*/ [final]
          FUN BRIDGE name:invoke visibility:public modality:OPEN returnType:kotlin.Any?
            VALUE_PARAMETER INSTANCE_RECEIVER kind:DispatchReceiver name:<this> index:0 type:com.andrey.mapapp.ExpeditionDrawerKt.ExpeditionDrawerContent$lambda$4$lambda$3$lambda$1$lambda$0.<no name provided>
            EXPRESSION_BODY
              RETURN type=kotlin.Nothing from='public open fun invoke (): kotlin.Any? declared in com.andrey.mapapp.ExpeditionDrawerKt.ExpeditionDrawerContent$lambda$4$lambda$3$lambda$1$lambda$0.<no name provided>'
                CALL 'public final fun invoke (): kotlin.Unit declared in com.andrey.mapapp.ExpeditionDrawerKt.ExpeditionDrawerContent$lambda$4$lambda$3$lambda$1$lambda$0.<no name provided>' type=kotlin.Unit origin=BRIDGE_DELEGATION
                  ARG <this>: GET_VAR '<this>: com.andrey.mapapp.ExpeditionDrawerKt.ExpeditionDrawerContent$lambda$4$lambda$3$lambda$1$lambda$0.<no name provided> declared in com.andrey.mapapp.ExpeditionDrawerKt.ExpeditionDrawerContent$lambda$4$lambda$3$lambda$1$lambda$0.<no name provided>.invoke' type=com.andrey.mapapp.ExpeditionDrawerKt.ExpeditionDrawerContent$lambda$4$lambda$3$lambda$1$lambda$0.<no name provided> origin=null
        CONSTRUCTOR_CALL 'public/*package*/ constructor <init> ($onDeleteExpedition: kotlin.Function1<com.andrey.mapapp.data.local.entities.ExpeditionEntity, kotlin.Unit>, $exp: com.andrey.mapapp.data.local.entities.ExpeditionEntity) [primary] declared in com.andrey.mapapp.ExpeditionDrawerKt.ExpeditionDrawerContent$lambda$4$lambda$3$lambda$1$lambda$0.<no name provided>' type=com.andrey.mapapp.ExpeditionDrawerKt.ExpeditionDrawerContent$lambda$4$lambda$3$lambda$1$lambda$0.<no name provided> origin=null
          ARG $onDeleteExpedition: GET_VAR '$onDeleteExpedition: kotlin.Function1<com.andrey.mapapp.data.local.entities.ExpeditionEntity, kotlin.Unit> declared in com.andrey.mapapp.ExpeditionDrawerKt.ExpeditionDrawerContent$lambda$4$lambda$3$lambda$1$lambda$0' type=kotlin.Function1<com.andrey.mapapp.data.local.entities.ExpeditionEntity, kotlin.Unit> origin=null
          ARG $exp: GET_VAR 'exp: com.andrey.mapapp.data.local.entities.ExpeditionEntity declared in com.andrey.mapapp.ExpeditionDrawerKt.ExpeditionDrawerContent$lambda$4$lambda$3$lambda$1$lambda$0' type=com.andrey.mapapp.data.local.entities.ExpeditionEntity origin=null
      ARG shape: COMPOSITE type=androidx.compose.ui.graphics.Shape? origin=DEFAULT_VALUE
        CONST Null type=androidx.compose.ui.graphics.Shape? value=null
      ARG colors: COMPOSITE type=androidx.compose.material3.NavigationDrawerItemColors? origin=DEFAULT_VALUE
        CONST Null type=androidx.compose.material3.NavigationDrawerItemColors? value=null
      ARG interactionSource: COMPOSITE type=androidx.compose.foundation.interaction.MutableInteractionSource? origin=DEFAULT_VALUE
        CONST Null type=androidx.compose.foundation.interaction.MutableInteractionSource? value=null
      ARG $mask0: CONST Int type=kotlin.Int value=464
      ARG $handler: CONST Null type=kotlin.Any? value=null

	at org.jetbrains.kotlin.backend.jvm.codegen.FunctionCodegen.generate(FunctionCodegen.kt:50)
	at org.jetbrains.kotlin.backend.jvm.codegen.IrSourceCompilerForInline.generateLambdaBody(IrSourceCompilerForInline.kt:72)
	at org.jetbrains.kotlin.codegen.inline.ExpressionLambda.generateLambdaBody(LambdaInfo.kt:72)
	at org.jetbrains.kotlin.backend.jvm.codegen.IrInlineCodegen.genValueAndPut(IrInlineCodegen.kt:122)
	at org.jetbrains.kotlin.backend.jvm.codegen.ExpressionCodegen.visitCall$handleParameter(ExpressionCodegen.kt:564)
	at org.jetbrains.kotlin.backend.jvm.codegen.ExpressionCodegen.visitCall(ExpressionCodegen.kt:577)
	at org.jetbrains.kotlin.backend.jvm.codegen.ExpressionCodegen.visitCall(ExpressionCodegen.kt:135)
	at org.jetbrains.kotlin.ir.expressions.IrCall.accept(IrCall.kt:24)
	at org.jetbrains.kotlin.backend.jvm.codegen.ExpressionCodegen.visitStatementContainer(ExpressionCodegen.kt:527)
	at org.jetbrains.kotlin.backend.jvm.codegen.ExpressionCodegen.visitBlockBody(ExpressionCodegen.kt:532)
	at org.jetbrains.kotlin.backend.jvm.codegen.ExpressionCodegen.visitBlockBody(ExpressionCodegen.kt:135)
	at org.jetbrains.kotlin.ir.expressions.IrBlockBody.accept(IrBlockBody.kt:20)
	at org.jetbrains.kotlin.backend.jvm.codegen.ExpressionCodegen.generate(ExpressionCodegen.kt:233)
	at org.jetbrains.kotlin.backend.jvm.codegen.FunctionCodegen.doGenerate(FunctionCodegen.kt:126)
	at org.jetbrains.kotlin.backend.jvm.codegen.FunctionCodegen.generate(FunctionCodegen.kt:47)
	... 46 more
Caused by: java.lang.RuntimeException: Exception while generating code for:
FUN name:invoke visibility:public modality:FINAL returnType:kotlin.Unit
  VALUE_PARAMETER INSTANCE_RECEIVER kind:DispatchReceiver name:<this> index:0 type:com.andrey.mapapp.ExpeditionDrawerKt.ExpeditionDrawerContent$lambda$4$lambda$3$lambda$1$lambda$0.<no name provided>
  overridden:
    public abstract fun invoke (): R of kotlin.Function0 [operator] declared in kotlin.Function0
  BLOCK_BODY
    CALL 'public final fun Column$default (modifier: androidx.compose.ui.Modifier?, verticalArrangement: androidx.compose.foundation.layout.Arrangement.Vertical?, horizontalAlignment: androidx.compose.ui.Alignment.Horizontal?, content: @[Composable] @[ExtensionFunctionType] kotlin.Function1<androidx.compose.foundation.layout.ColumnScope, kotlin.Unit>, $mask0: kotlin.Int, $handler: kotlin.Any?): kotlin.Unit [inline] declared in androidx.compose.foundation.layout.ColumnKt' type=kotlin.Unit origin=DEFAULT_DISPATCH_CALL
      ARG modifier: COMPOSITE type=androidx.compose.ui.Modifier? origin=DEFAULT_VALUE
        CONST Null type=androidx.compose.ui.Modifier? value=null
      ARG verticalArrangement: COMPOSITE type=androidx.compose.foundation.layout.Arrangement.Vertical? origin=DEFAULT_VALUE
        CONST Null type=androidx.compose.foundation.layout.Arrangement.Vertical? value=null
      ARG horizontalAlignment: COMPOSITE type=androidx.compose.ui.Alignment.Horizontal? origin=DEFAULT_VALUE
        CONST Null type=androidx.compose.ui.Alignment.Horizontal? value=null
      ARG content: BLOCK type=@[ExtensionFunctionType] kotlin.Function1<androidx.compose.foundation.layout.ColumnScope, kotlin.Unit> origin=LAMBDA
        COMPOSITE type=kotlin.Unit origin=null
        FUNCTION_REFERENCE 'private final fun invoke$lambda$0 ($this$Column: androidx.compose.foundation.layout.ColumnScope, $exp: com.andrey.mapapp.data.local.entities.ExpeditionEntity): kotlin.Unit declared in com.andrey.mapapp.ExpeditionDrawerKt.ExpeditionDrawerContent$lambda$4$lambda$3$lambda$1$lambda$0.<no name provided>' type=@[ExtensionFunctionType] kotlin.Function1<androidx.compose.foundation.layout.ColumnScope, kotlin.Unit> origin=INLINE_LAMBDA reflectionTarget=null
          ARG $exp: GET_FIELD 'FIELD FIELD_FOR_CAPTURED_VALUE name:$exp type:com.andrey.mapapp.data.local.entities.ExpeditionEntity visibility:public/*package*/ [final] declared in com.andrey.mapapp.ExpeditionDrawerKt.ExpeditionDrawerContent$lambda$4$lambda$3$lambda$1$lambda$0.<no name provided>' type=com.andrey.mapapp.data.local.entities.ExpeditionEntity origin=null
            receiver: GET_VAR '<this>: com.andrey.mapapp.ExpeditionDrawerKt.ExpeditionDrawerContent$lambda$4$lambda$3$lambda$1$lambda$0.<no name provided> declared in com.andrey.mapapp.ExpeditionDrawerKt.ExpeditionDrawerContent$lambda$4$lambda$3$lambda$1$lambda$0.<no name provided>.invoke' type=com.andrey.mapapp.ExpeditionDrawerKt.ExpeditionDrawerContent$lambda$4$lambda$3$lambda$1$lambda$0.<no name provided> origin=null
      ARG $mask0: CONST Int type=kotlin.Int value=7
      ARG $handler: CONST Null type=kotlin.Any? value=null

	at org.jetbrains.kotlin.backend.jvm.codegen.FunctionCodegen.generate(FunctionCodegen.kt:50)
	at org.jetbrains.kotlin.backend.jvm.codegen.FunctionCodegen.generate$default(FunctionCodegen.kt:43)
	at org.jetbrains.kotlin.backend.jvm.codegen.ClassCodegen.generateMethodNode(ClassCodegen.kt:422)
	at org.jetbrains.kotlin.backend.jvm.codegen.ClassCodegen.generateMethod(ClassCodegen.kt:439)
	at org.jetbrains.kotlin.backend.jvm.codegen.ClassCodegen.generate(ClassCodegen.kt:164)
	at org.jetbrains.kotlin.backend.jvm.codegen.ExpressionCodegen.visitClass(ExpressionCodegen.kt:951)
	at org.jetbrains.kotlin.backend.jvm.codegen.ExpressionCodegen.visitClass(ExpressionCodegen.kt:135)
	at org.jetbrains.kotlin.ir.declarations.IrClass.accept(IrClass.kt:72)
	at org.jetbrains.kotlin.backend.jvm.codegen.ExpressionCodegen.visitStatementContainer(ExpressionCodegen.kt:527)
	at org.jetbrains.kotlin.backend.jvm.codegen.ExpressionCodegen.visitContainerExpression(ExpressionCodegen.kt:541)
	at org.jetbrains.kotlin.backend.jvm.codegen.ExpressionCodegen.visitContainerExpression(ExpressionCodegen.kt:135)
	at org.jetbrains.kotlin.ir.visitors.IrVisitor.visitBlock(IrVisitor.kt:122)
	at org.jetbrains.kotlin.backend.jvm.codegen.ExpressionCodegen.visitBlock(ExpressionCodegen.kt:413)
	at org.jetbrains.kotlin.backend.jvm.codegen.ExpressionCodegen.visitBlock(ExpressionCodegen.kt:135)
	at org.jetbrains.kotlin.ir.expressions.IrBlock.accept(IrBlock.kt:18)
	at org.jetbrains.kotlin.backend.jvm.codegen.ExpressionCodegen.gen(ExpressionCodegen.kt:214)
	at org.jetbrains.kotlin.backend.jvm.codegen.IrCallGenerator.genValueAndPut(IrCallGenerator.kt:48)
	at org.jetbrains.kotlin.backend.jvm.codegen.ExpressionCodegen.visitCall$handleParameter(ExpressionCodegen.kt:564)
	at org.jetbrains.kotlin.backend.jvm.codegen.ExpressionCodegen.visitCall(ExpressionCodegen.kt:577)
	at org.jetbrains.kotlin.backend.jvm.codegen.ExpressionCodegen.visitCall(ExpressionCodegen.kt:135)
	at org.jetbrains.kotlin.ir.expressions.IrCall.accept(IrCall.kt:24)
	at org.jetbrains.kotlin.backend.jvm.codegen.ExpressionCodegen.visitStatementContainer(ExpressionCodegen.kt:527)
	at org.jetbrains.kotlin.backend.jvm.codegen.ExpressionCodegen.visitBlockBody(ExpressionCodegen.kt:532)
	at org.jetbrains.kotlin.backend.jvm.codegen.ExpressionCodegen.visitBlockBody(ExpressionCodegen.kt:135)
	at org.jetbrains.kotlin.ir.expressions.IrBlockBody.accept(IrBlockBody.kt:20)
	at org.jetbrains.kotlin.backend.jvm.codegen.ExpressionCodegen.generate(ExpressionCodegen.kt:233)
	at org.jetbrains.kotlin.backend.jvm.codegen.FunctionCodegen.doGenerate(FunctionCodegen.kt:126)
	at org.jetbrains.kotlin.backend.jvm.codegen.FunctionCodegen.generate(FunctionCodegen.kt:47)
	... 60 more
Caused by: org.jetbrains.kotlin.codegen.CompilationException: Back-end (JVM) Internal error: Couldn't inline method call: CALL 'public final fun Column$default (modifier: androidx.compose.ui.Modifier?, verticalArrangement: androidx.compose.foundation.layout.Arrangement.Vertical?, horizontalAlignment: androidx.compose.ui.Alignment.Horizontal?, content: @[Composable] @[ExtensionFunctionType] kotlin.Function1<androidx.compose.foundation.layout.ColumnScope, kotlin.Unit>, $mask0: kotlin.Int, $handler: kotlin.Any?): kotlin.Unit [inline] declared in androidx.compose.foundation.layout.ColumnKt' type=kotlin.Unit origin=DEFAULT_DISPATCH_CALL
Method: null
File is unknown
The root cause java.lang.IllegalStateException was thrown at: org.jetbrains.kotlin.codegen.inline.SourceCompilerForInlineKt.getMethodNode(SourceCompilerForInline.kt:129)
	at org.jetbrains.kotlin.backend.jvm.codegen.IrInlineCodegen.genInlineCall(IrInlineCodegen.kt:82)
	at org.jetbrains.kotlin.backend.jvm.codegen.IrInlineCallGenerator.genCall(IrInlineCallGenerator.kt:36)
	at org.jetbrains.kotlin.backend.jvm.codegen.ExpressionCodegen.visitCall(ExpressionCodegen.kt:586)
	at org.jetbrains.kotlin.backend.jvm.codegen.ExpressionCodegen.visitCall(ExpressionCodegen.kt:135)
	at org.jetbrains.kotlin.ir.expressions.IrCall.accept(IrCall.kt:24)
	at org.jetbrains.kotlin.backend.jvm.codegen.ExpressionCodegen.visitStatementContainer(ExpressionCodegen.kt:527)
	at org.jetbrains.kotlin.backend.jvm.codegen.ExpressionCodegen.visitBlockBody(ExpressionCodegen.kt:532)
	at org.jetbrains.kotlin.backend.jvm.codegen.ExpressionCodegen.visitBlockBody(ExpressionCodegen.kt:135)
	at org.jetbrains.kotlin.ir.expressions.IrBlockBody.accept(IrBlockBody.kt:20)
	at org.jetbrains.kotlin.backend.jvm.codegen.ExpressionCodegen.generate(ExpressionCodegen.kt:233)
	at org.jetbrains.kotlin.backend.jvm.codegen.FunctionCodegen.doGenerate(FunctionCodegen.kt:126)
	at org.jetbrains.kotlin.backend.jvm.codegen.FunctionCodegen.generate(FunctionCodegen.kt:47)
	... 87 more
Caused by: java.lang.IllegalStateException: couldn't find inline method Landroidx/compose/foundation/layout/ColumnKt;.Column$default(Landroidx/compose/ui/Modifier;Landroidx/compose/foundation/layout/Arrangement$Vertical;Landroidx/compose/ui/Alignment$Horizontal;Lkotlin/jvm/functions/Function1;ILjava/lang/Object;)V
	at org.jetbrains.kotlin.codegen.inline.SourceCompilerForInlineKt.getMethodNode(SourceCompilerForInline.kt:129)
	at org.jetbrains.kotlin.codegen.inline.SourceCompilerForInlineKt.loadCompiledInlineFunction$lambda$2(SourceCompilerForInline.kt:98)
	at org.jetbrains.kotlin.codegen.inline.InlineCache.computeMethodBytes(InlineCache.kt:90)
	at org.jetbrains.kotlin.codegen.inline.SourceCompilerForInlineKt.loadCompiledInlineFunction(SourceCompilerForInline.kt:93)
	at org.jetbrains.kotlin.backend.jvm.codegen.IrSourceCompilerForInline.compileInlineFunction(IrSourceCompilerForInline.kt:96)
	at org.jetbrains.kotlin.backend.jvm.codegen.IrInlineCodegen.genInlineCall(IrInlineCodegen.kt:65)
	... 98 more


